// Jest Snapshot v1, https://goo.gl/fbAQLP

exports[`messages.scoped 1`] = `
Object {
  "amount": "23",
  "from": "from",
  "id": Long {
    "high": 0,
    "low": 0,
    "unsigned": false,
  },
}
`;
